docker : time="2026-03-
18T03:58:43+01:00" 
level=warning msg="The 
\"MYSQL_ROOT_PASSWORD\"
 variable is not set. 
Defaulting to a blank 
string."
At line:1 char:1
+ docker compose exec 
api pytest -v tests/tes
t_instagram.py > 
pytest_ou ...
+ ~~~~~~~~~~~~~~~~~~~~~
~~~~~~~~~~~~~~~~~~~~~~~
~~~~~~~~~~~~~~~~~~~~~~~
~~
    + CategoryInfo     
         : NotSpecifi  
  ed: (time="2026-03   
 -1... blank string    
.":String) [], Rem    
oteException
    + FullyQualifiedEr 
   rorId : NativeComm  
  andError
 
============================= test session starts ==============================
platform linux -- Python 3.12.13, pytest-9.0.2, pluggy-1.6.0 -- /usr/local/bin/python3.12
cachedir: .pytest_cache
rootdir: /app
configfile: pyproject.toml
plugins: asyncio-1.3.0, anyio-4.12.1
asyncio: mode=Mode.AUTO, debug=False, asyncio_default_fixture_loop_scope=None, asyncio_default_test_loop_scope=function
collecting ... collected 2 items

tests/test_instagram.py::test_instagram_webhook_verification PASSED      [ 50%]
tests/test_instagram.py::test_instagram_webhook_ingestion ERROR          [100%]

==================================== ERRORS ====================================
______________ ERROR at setup of test_instagram_webhook_ingestion ______________
file /app/tests/test_instagram.py, line 20
  @pytest.mark.asyncio
  async def test_instagram_webhook_ingestion(client: AsyncClient, db_session: AsyncSession, test_user, test_workspace):
      """Test Instagram message ingestion (POST)."""
      # 1. Create an Instagram channel
      channel = Channel(
          name="Test Instagram",
          type=ChannelType.INSTAGRAM,
          workspace_id=test_workspace.id,
          config={"instagram_page_id": "page_123", "access_token": "token_abc"},
          is_active=True
      )
      db_session.add(channel)
      await db_session.commit()

      # 2. Simulate Instagram Webhook Payload
      payload = {
          "object": "instagram",
          "entry": [
              {
                  "id": "page_123",
                  "time": 1648000000,
                  "messaging": [
                      {
                          "sender": {"id": "user_456"},
                          "recipient": {"id": "page_123"},
                          "timestamp": 1648000001,
                          "message": {
                              "mid": "ig_msg_1",
                              "text": "Hello from Instagram!"
                          }
                      }
                  ]
              }
          ]
      }

      response = await client.post("/api/v1/webhooks/instagram", json=payload)
      assert response.status_code == 200
      assert response.json() == {"status": "ok"}

      # 3. Verify database state
      from app.models.contact import Contact
      from app.models.conversation import Conversation
      from app.models.message import Message
      from sqlalchemy import select

      # Check contact
      result = await db_session.execute(select(Contact).where(Contact.workspace_id == test_workspace.id))
      contact = result.scalar_one_or_none()
      assert contact is not None
      assert contact.channel_data.get("instagram") == "user_456"

      # Check conversation
      result = await db_session.execute(select(Conversation).where(Conversation.contact_id == contact.id))
      conv = result.scalar_one_or_none()
      assert conv is not None

      # Check message
      result = await db_session.execute(select(Message).where(Message.conversation_id == conv.id))
      msg = result.scalar_one_or_none()
      assert msg is not None
      assert msg.content == "Hello from Instagram!"
      assert msg.sender_type == "contact"
E       fixture 'test_user' not found
>       available fixtures: _class_scoped_runner, _function_scoped_runner, _module_scoped_runner, _package_scoped_runner, _session_scoped_runner, anyio_backend, anyio_backend_name, anyio_backend_options, cache, capfd, capfdbinary, caplog, capsys, capsysbinary, capteesys, client, db_session, doctest_namespace, event_loop, event_loop_policy, free_tcp_port, free_tcp_port_factory, free_udp_port, free_udp_port_factory, monkeypatch, pytestconfig, record_property, record_testsuite_property, record_xml_attribute, recwarn, setup_database, subtests, tmp_path, tmp_path_factory, tmpdir, tmpdir_factory, unused_tcp_port, unused_tcp_port_factory, unused_udp_port, unused_udp_port_factory
>       use 'pytest --fixtures [testpath]' for help on them.

/app/tests/test_instagram.py:20
=============================== warnings summary ===============================
app/schemas/tag.py:25
  /app/app/schemas/tag.py:25: PydanticDeprecatedSince20: Support for class-based `config` is deprecated, use ConfigDict instead. Deprecated in Pydantic V2.0 to be removed in V3.0. See Pydantic V2 Migration Guide at https://errors.pydantic.dev/2.12/migration/
    class Tag(TagBase):

app/schemas/company.py:30
  /app/app/schemas/company.py:30: PydanticDeprecatedSince20: Support for class-based `config` is deprecated, use ConfigDict instead. Deprecated in Pydantic V2.0 to be removed in V3.0. See Pydantic V2 Migration Guide at https://errors.pydantic.dev/2.12/migration/
    class Company(CompanyBase):

app/schemas/contact.py:32
  /app/app/schemas/contact.py:32: PydanticDeprecatedSince20: Support for class-based `config` is deprecated, use ConfigDict instead. Deprecated in Pydantic V2.0 to be removed in V3.0. See Pydantic V2 Migration Guide at https://errors.pydantic.dev/2.12/migration/
    class Contact(ContactBase):

../usr/local/lib/python3.12/site-packages/_pytest/cacheprovider.py:475
  /usr/local/lib/python3.12/site-packages/_pytest/cacheprovider.py:475: PytestCacheWarning: cache could not write path /app/.pytest_cache/v/cache/nodeids: [Errno 13] Permission denied: '/app/.pytest_cache/v/cache/nodeids'
    config.cache.set("cache/nodeids", sorted(self.cached_nodeids))

../usr/local/lib/python3.12/site-packages/_pytest/cacheprovider.py:429
  /usr/local/lib/python3.12/site-packages/_pytest/cacheprovider.py:429: PytestCacheWarning: cache could not write path /app/.pytest_cache/v/cache/lastfailed: [Errno 13] Permission denied: '/app/.pytest_cache/v/cache/lastfailed'
    config.cache.set("cache/lastfailed", self.lastfailed)

-- Docs: https://docs.pytest.org/en/stable/how-to/capture-warnings.html
=========================== short test summary info ============================
ERROR tests/test_instagram.py::test_instagram_webhook_ingestion
==================== 1 passed, 5 warnings, 1 error in 0.34s ====================
